ok 1 - [L7] POSIX 50-neovim 第一次執行成功
ok 2 - [L7] POSIX: 既有 ~/.config/nvim 被備份而非刪除
ok 3 - [L7] POSIX: 既有 ~/.local/share/nvim 被備份
ok 4 - [L7] POSIX: 既有 ~/.local/state/nvim 被備份
ok 5 - [L7] POSIX: 既有 ~/.cache/nvim 被備份
ok 6 - [L7] POSIX: starter 已放進 ~/.config/nvim
ok 7 - [L7] POSIX: starter 的 .git 已刪除
ok 8 - [L7] POSIX: marker 已建立
ok 9 - [L7] POSIX 50-neovim 第二次執行成功
ok 10 - [L7] POSIX: 重跑不會動使用者自己的設定（M3）
ok 11 - [L7] POSIX: 重跑不會多生一份備份
ok 12 - [L7] POSIX 50-neovim 第三次執行成功
ok 13 - [L7] POSIX: 舊的 .bak 沒有被埋掉
ok 14 - [L7] POSIX: 第二份備份用時間戳另存
ok 15 - [L7] POSIX 50-neovim 第四次執行成功
ok 16 - [L7] POSIX: 撞名時來源被搬進既有備份裡（accepted risk，位置變深一層）
ok 17 - [L7] POSIX: 即使撞名，使用者的內容仍然存在、沒有被刪
ok 18 - [L7] POSIX: 沒有產生序號備份（那個迴圈已依使用者決定還原掉）
ok 19 - [L7] POSIX: 跑到的是 stub 的 mise 而不是真實的 mise（隔離生效）
ok 20 - [L7] Arch/omarchy 50-neovim 執行成功（exit 0）
ok 21 - [L7] omarchy: pacman -Q omarchy-nvim 真的被問過
not ok 22 - [L7] omarchy: .config/nvim 原地未動（S8）
#   --- expected ---
#   | USER-CONTENT
#   --- actual ---
#   | cat: /tmp/dotfiles-tests.mt26P7/l7arch/home-omarchy/.config/nvim/user-marker.txt: No such file or directory
not ok 23 - [L7] omarchy: 沒有產生 .config/nvim.bak（S8）
#   --- expected ---
#   | 0
#   --- actual ---
#   | 1
not ok 24 - [L7] omarchy: .local/share/nvim 原地未動（S8）
#   --- expected ---
#   | USER-CONTENT
#   --- actual ---
#   | cat: /tmp/dotfiles-tests.mt26P7/l7arch/home-omarchy/.local/share/nvim/user-marker.txt: No such file or directory
not ok 25 - [L7] omarchy: 沒有產生 .local/share/nvim.bak（S8）
#   --- expected ---
#   | 0
#   --- actual ---
#   | 1
not ok 26 - [L7] omarchy: .local/state/nvim 原地未動（S8）
#   --- expected ---
#   | USER-CONTENT
#   --- actual ---
#   | cat: /tmp/dotfiles-tests.mt26P7/l7arch/home-omarchy/.local/state/nvim/user-marker.txt: No such file or directory
not ok 27 - [L7] omarchy: 沒有產生 .local/state/nvim.bak（S8）
#   --- expected ---
#   | 0
#   --- actual ---
#   | 1
not ok 28 - [L7] omarchy: .cache/nvim 原地未動（S8）
#   --- expected ---
#   | USER-CONTENT
#   --- actual ---
#   | cat: /tmp/dotfiles-tests.mt26P7/l7arch/home-omarchy/.cache/nvim/user-marker.txt: No such file or directory
not ok 29 - [L7] omarchy: 沒有產生 .cache/nvim.bak（S8）
#   --- expected ---
#   | 0
#   --- actual ---
#   | 1
not ok 30 - [L7] omarchy: init.lua 仍是 omarchy 的（沒有 clone starter）
#   --- expected ---
#   | OMARCHY-INIT
#   --- actual ---
#   | starter
not ok 31 - [L7] omarchy: 沒有寫 marker
#   --- expected ---
#   | absent
#   --- actual ---
#   | present
ok 32 - [L7] omarchy: 沒有呼叫 mise（Must NOT #8）
ok 33 - [L7] 純 Arch 50-neovim 第一次執行成功
not ok 34 - [L7] 純 Arch: 既有 ~/.config/nvim 被備份而非刪除（S9）
#   期待 /tmp/dotfiles-tests.mt26P7/l7arch/home-arch/.config/nvim.bak 存在且保留使用者內容
#   .
..
nvim
not ok 35 - [L7] 純 Arch: 既有 ~/.local/share/nvim 被備份
#   期待 /tmp/dotfiles-tests.mt26P7/l7arch/home-arch/.local/share/nvim.bak 存在且保留使用者內容
#   .
..
nvim
not ok 36 - [L7] 純 Arch: 既有 ~/.local/state/nvim 被備份
#   期待 /tmp/dotfiles-tests.mt26P7/l7arch/home-arch/.local/state/nvim.bak 存在且保留使用者內容
#   .
..
nvim
not ok 37 - [L7] 純 Arch: 既有 ~/.cache/nvim 被備份
#   期待 /tmp/dotfiles-tests.mt26P7/l7arch/home-arch/.cache/nvim.bak 存在且保留使用者內容
#   .
..
nvim
not ok 38 - [L7] 純 Arch: starter 已放進 ~/.config/nvim
#   --- expected ---
#   | starter
#   --- actual ---
#   | cat: /tmp/dotfiles-tests.mt26P7/l7arch/home-arch/.config/nvim/init.lua: No such file or directory
ok 39 - [L7] 純 Arch: starter 的 .git 已刪除
not ok 40 - [L7] 純 Arch: marker 已建立
#   --- expected ---
#   | present
#   --- actual ---
#   | absent
ok 41 - [L7] 純 Arch 50-neovim 第二次執行成功
ok 42 - [L7] 純 Arch: 重跑不會動使用者自己的設定（M4）
not ok 43 - [L7] 純 Arch: 重跑不會多生一份備份（M4）
#   --- expected ---
#   | 1
#   --- actual ---
#   | 0
ok 44 - [L7] 純 Arch: 沒有呼叫 mise（Must NOT #8）
ok 45 - [L7] Windows 50-neovim 第一次執行成功
ok 46 - [L7] Windows: 既有 %LOCALAPPDATA%\nvim 被備份而非刪除（M2）
ok 47 - [L7] Windows: 既有 %LOCALAPPDATA%\nvim-data 被備份（M2）
ok 48 - [L7] Windows: 既有 %TEMP%\nvim 被備份（M2）
ok 49 - [L7] Windows: 備份出來的目錄剛好是 nvim / nvim-data / TEMP\nvim
ok 50 - [L7] Windows: starter 已放進 %LOCALAPPDATA%\nvim
ok 51 - [L7] Windows: starter 的 .git 已刪除
ok 52 - [L7] Windows: marker 已建立
ok 53 - [L7] Windows 50-neovim 第二次執行成功
ok 54 - [L7] Windows: 重跑不會動使用者自己的設定（M3）
ok 55 - [L7] Windows: 重跑不會多生一份備份
ok 56 - [L7] Windows 50-neovim 第三次執行成功
ok 57 - [L7] Windows: 舊的 .bak 沒有被埋掉
ok 58 - [L7] Windows: 第二份備份用時間戳另存
ok 59 - [L7] Windows 50-neovim 第四次執行成功
ok 60 - [L7] Windows: 撞名時來源被搬進既有備份裡（accepted risk，位置變深一層）
ok 61 - [L7] Windows: 即使撞名，使用者的內容仍然存在、沒有被刪
ok 62 - [L7] Windows: 沒有產生序號備份（與 POSIX 對稱）
ok 63 - [L7] Windows: 跑到的是 stub 的 mise 而不是主機上的 mise（隔離生效）
ok 64 - [L7] Windows: mise 不存在時退出碼是 0（跳過，不是中止整個 apply）
ok 65 - [L7] Windows: mise 不存在時什麼都不建立
ok 66 - [L7] loader partial 不自己決定目標路徑
ok 67 - [L7] profile loader 跑三次恰好留下一行、且內容逐字正確（M10）
ok 68 - [L7] profile loader 保留原本就有的內容
ok 69 - [L7] WSL linger 已開啟時腳本成功結束
ok 70 - [L7] WSL linger 已開啟時不呼叫 sudo
ok 71 - [L7] WSL 無 linger 時腳本成功結束
ok 72 - [L7] WSL 無 linger 時先 sudo -v 再 enable-linger 目前使用者
ok 73 - [L7] WSL Linger=no 時同樣 enable-linger
ok 74 - [L7] WSL sudo 認證失敗時腳本以非零結束
ok 75 - [L7] WSL sudo 認證失敗時印出手動指令
ok 76 - [L7] WSL sudo 認證失敗時不再呼叫 enable-linger
ok 77 - [L7] 沒有 systemd 時腳本安靜退出
ok 78 - [L7] 沒有 systemd 時不呼叫 loginctl
1..78
# run 78, failed 17, skipped 0
